C51 COMPILER V9.60.7.0   MAIN                                                              04/11/2025 10:39:07 PAGE 1   


C51 COMPILER V9.60.7.0, COMPILATION OF MODULE MAIN
OBJECT MODULE PLACED IN .\Objects\main.obj
COMPILER INVOKED BY: D:\software\keil\core\C51\BIN\C51.EXE main.c OPTIMIZE(7,SPEED) BROWSE DEBUG OBJECTEXTEND PRINT(.\Li
                    -stings\main.lst) TABS(2) OBJECT(.\Objects\main.obj)

line level    source

   1          #include <REGX52.H>
   2          
   3          typedef unsigned char uchar;
   4          typedef unsigned int uint;
   5          
   6          void Delay_ms(unsigned int xms);
   7          
   8          void clock_wise(uint x);
   9          void anticlock_wise(uint x);
  10          void all_dance(void);
  11          void two_flanks(uint x);
  12          void breath_effect(void);
  13          void cross_flash(void);
  14          void random_flash(void);
  15          void heartbeat(void);
  16          void wave_effect(void);
  17          void marquee(void);
  18          void gradient_blink(void);
  19          void spiral(void);
  20          void rainbow_effect(void);
  21          void flash_center(void);
  22          
  23          static uint i;
  24          
  25          void main()
  26          {
  27   1          while(1)
  28   1          {   
  29   2              Delay_ms(500);
  30   2              for (i = 60; i > 0; i -= 10)
  31   2              {
  32   3                  clock_wise(i);
  33   3              }
  34   2          for (i = 60; i > 0; i -= 10)
  35   2              {
  36   3                  anticlock_wise(i);
  37   3              }
  38   2          Delay_ms(60);
  39   2          clock_wise(50);
  40   2          Delay_ms(60);
  41   2          anticlock_wise(50);
  42   2              Delay_ms(60);
  43   2              two_flanks(50);
  44   2              Delay_ms(60);
  45   2              breath_effect();    // 新增呼吸效果
  46   2          Delay_ms(60);
  47   2              cross_flash();    // 新增交叉闪烁
  48   2          Delay_ms(60);
  49   2              random_flash();     // 新增随机闪烁
  50   2          Delay_ms(60);
  51   2              heartbeat();     // 新增心跳效果
  52   2          wave_effect();      // 新增波浪效果
  53   2              Delay_ms(60);
  54   2              marquee();          // 新增跑马灯
C51 COMPILER V9.60.7.0   MAIN                                                              04/11/2025 10:39:07 PAGE 2   

  55   2              Delay_ms(60);
  56   2              gradient_blink();   // 新增渐变闪烁
  57   2              Delay_ms(60);
  58   2              spiral();           // 新增螺旋闪烁
  59   2              Delay_ms(60);
  60   2              rainbow_effect();   // 新增彩虹渐变效果
  61   2              Delay_ms(60);
  62   2              flash_center();
  63   2              Delay_ms(60);
  64   2              all_dance();
  65   2              Delay_ms(100);
  66   2          }
  67   1      }
  68          
  69          //12m晶振频率，毫秒级延时
  70          void Delay_ms(uint xms)
  71          {
  72   1        uchar i, j;
  73   1        while(xms)
  74   1        {
  75   2          i = 2;
  76   2          j = 239;
  77   2          do
  78   2          {
  79   3            while (--j);
  80   3          } while (--i);
  81   2          xms--;
  82   2        }
  83   1      }
  84          
  85          //全体led闪烁
  86          void all_dance(void){
  87   1        P0=0xFF;P1=0xFF;P2=0xFF;P3=0xFF;
  88   1        Delay_ms(600);
  89   1          P0=0x00;P1=0x00;P2=0x00;P3=0x00;
  90   1        Delay_ms(600);
  91   1      }
  92          //顺时针流水灯
  93          void clock_wise(uint x){
  94   1          P1=0x7F;Delay_ms(x);P1=0xBF;Delay_ms(x);P1=0xDF;Delay_ms(x);P1=0xEF;Delay_ms(x);
  95   1          P1=0xF7;Delay_ms(x);P1=0xFB;Delay_ms(x);P1=0xFD;Delay_ms(x);P1=0xFE;Delay_ms(x);
  96   1          P1=0xFF;Delay_ms(x);
  97   1          
  98   1          P0=0xFE;Delay_ms(x);P0=0xFD;Delay_ms(x);P0=0xFB;Delay_ms(x);P0=0xF7;Delay_ms(x);
  99   1          P0=0xEF;Delay_ms(x);P0=0xDF;Delay_ms(x);P0=0xBF;Delay_ms(x);P0=0x7F;Delay_ms(x);
 100   1          P0=0xFF;Delay_ms(x);
 101   1          
 102   1          P2=0x7F;Delay_ms(x);P2=0xBF;Delay_ms(x);P2=0xDF;Delay_ms(x);P2=0xEF;Delay_ms(x);
 103   1          P2=0xF7;Delay_ms(x);P2=0xFB;Delay_ms(x);P2=0xFD;Delay_ms(x);P2=0xFE;Delay_ms(x);
 104   1          P2=0xFF;Delay_ms(x);
 105   1          
 106   1          P3=0x7f;Delay_ms(x);P3=0xBF;Delay_ms(x);P3=0xDF;Delay_ms(x);P3=0xEF;Delay_ms(x);
 107   1          P3=0xF7;Delay_ms(x);P3=0xFB;Delay_ms(x);P3=0xFD;Delay_ms(x);P3=0xFE;Delay_ms(x);
 108   1          P3=0xFF;Delay_ms(x);
 109   1      }
 110          //逆时针流水灯
 111          void anticlock_wise(uint x){
 112   1          P3=0xFE;Delay_ms(x);P3=0xFD;Delay_ms(x);P3=0xFB;Delay_ms(x);P3=0xF7;Delay_ms(x);
 113   1          P3=0xEF;Delay_ms(x);P3=0xDF;Delay_ms(x);P3=0xBF;Delay_ms(x);P3=0x7F;Delay_ms(x);
 114   1          P3=0xFF;Delay_ms(x);
 115   1          
 116   1          P2=0xFE;Delay_ms(x);P2=0xFD;Delay_ms(x);P2=0xFB;Delay_ms(x);P2=0xF7;Delay_ms(x);
C51 COMPILER V9.60.7.0   MAIN                                                              04/11/2025 10:39:07 PAGE 3   

 117   1          P2=0xEF;Delay_ms(x);P2=0xDF;Delay_ms(x);P2=0xBF;Delay_ms(x);P2=0x7F;Delay_ms(x);
 118   1          P2=0xFF;Delay_ms(x);
 119   1          
 120   1          P0=0x7F;Delay_ms(x);P0=0xBF;Delay_ms(x);P0=0xDF;Delay_ms(x);P0=0xEF;Delay_ms(x);
 121   1          P0=0xF7;Delay_ms(x);P0=0xFB;Delay_ms(x);P0=0xFD;Delay_ms(x);P0=0xFE;Delay_ms(x);
 122   1          P0=0xFF;Delay_ms(x);
 123   1          
 124   1          P1=0xFE;Delay_ms(x);P1=0xFD;Delay_ms(x);P1=0xFB;Delay_ms(x);P1=0xF7;Delay_ms(x);
 125   1          P1=0xEF;Delay_ms(x);P1=0xDF;Delay_ms(x);P1=0xBF;Delay_ms(x);P1=0x7F;Delay_ms(x);
 126   1          P1=0xFF;Delay_ms(x);
 127   1      }
 128          //两侧同时流水
 129          void two_flanks(uint x){
 130   1        P1=0x7F;P3=0xFE;Delay_ms(x);P1=0xBF;P3=0xFD;Delay_ms(x);P1=0xDF;P3=0xFB;Delay_ms(x);P1=0xEF;P3=0xF7;Delay
             -_ms(x);
 131   1        P1=0xF7;P3=0xEF;Delay_ms(x);P1=0xFB;P3=0xDF;Delay_ms(x);P1=0xFD;P3=0xBF;Delay_ms(x);P1=0xFE;P3=0x7F;Delay
             -_ms(x);
 132   1        P1=0xFF;P3=0xFF;Delay_ms(x);
 133   1      
 134   1          P0=0xFD;P2=0xFD;Delay_ms(x);P0=0xFE;P2=0xFE;Delay_ms(x);P0=0xFB;P2=0xFB;Delay_ms(x);P0=0xF7;P2=0xF7;De
             -lay_ms(x);
 135   1        P0=0xEF;P2=0xEF;Delay_ms(x);P0=0xDF;P2=0xDF;Delay_ms(x);P0=0xBF;P2=0xBF;Delay_ms(x);P0=0x7F;P2=0x7F;Delay
             -_ms(x);
 136   1        P0=0xFF;P2=0xFF;Delay_ms(x);
 137   1      }
 138          
 139          //呼吸灯效果（所有LED渐变亮度）
 140          void breath_effect(void) {
 141   1        uchar i;
 142   1          for(i=0; i<5; i++) {
 143   2              P0=0xFF<<i; P1=0xFF<<i; P2=0xFF<<i; P3=0xFF<<i;
 144   2              Delay_ms(80);
 145   2          }
 146   1          for(i=5; i>0; i--) {
 147   2              P0=0xFF<<i; P1=0xFF<<i; P2=0xFF<<i; P3=0xFF<<i;
 148   2              Delay_ms(80);
 149   2          }
 150   1      }
 151          
 152          //随机闪烁（随机位置LED闪烁）
 153          void random_flash(void) {
 154   1        uchar i;
 155   1          for(i=0; i<8; i++) {
 156   2          P0 = ~(0x01 << (i%8)); 
 157   2          P1 = ~(0x01 << ((i+2)%8));
 158   2          P2 = ~(0x01 << ((i+4)%8));
 159   2          P3 = ~(0x01 << ((i+6)%8));
 160   2          Delay_ms(80);
 161   2          }
 162   1      }
 163          
 164          //交叉闪烁（左右交替）
 165          void cross_flash(void) {
 166   1        uchar i;
 167   1          for(i=0; i<4; i++) {
 168   2              P0=0xAA; P1=0xAA; P2=0x55; P3=0x55;  // 左半亮右半灭
 169   2              Delay_ms(200);
 170   2              P0=0x55; P1=0x55; P2=0xAA; P3=0xAA;  // 右半亮左半灭
 171   2              Delay_ms(200);
 172   2          }
 173   1          P0=0xFF; P1=0xFF; P2=0xFF; P3=0xFF;
 174   1      }
C51 COMPILER V9.60.7.0   MAIN                                                              04/11/2025 10:39:07 PAGE 4   

 175          
 176          //心跳效果（快速闪烁三次）
 177          void heartbeat(void) {
 178   1        uchar i;
 179   1          for(i=0; i<3; i++) {
 180   2              P0=0x00; P1=0x00; P2=0x00; P3=0x00;
 181   2              Delay_ms(200);
 182   2              P0=0xFF; P1=0xFF; P2=0xFF; P3=0xFF;
 183   2              Delay_ms(200);
 184   2          }
 185   1      }
 186          
 187          //波浪效果（从中心向四周扩散）
 188          void wave_effect(void) {
 189   1          uchar i;
 190   1          for(i=0; i<4; i++){
 191   2              P0 = ~(0x18 >> i);  // 00011000 右移
 192   2              P1 = ~(0x18 >> i);
 193   2              P2 = ~(0x18 << i);  // 00011000 左移
 194   2              P3 = ~(0x18 << i);
 195   2              Delay_ms(120);
 196   2          }
 197   1          P0=0xFF;P1=0xFF;P2=0xFF;P3=0xFF;
 198   1      }
 199          
 200          //跑马灯效果（四端口循环追逐）
 201          void marquee(void) {
 202   1          uchar i;
 203   1          for(i=0; i<8; i++){
 204   2              P0 = ~(0x80 >> i); 
 205   2              P1 = ~(0x80 >> (i+2)%8);
 206   2              P2 = ~(0x80 >> (i+4)%8);
 207   2              P3 = ~(0x80 >> (i+6)%8);
 208   2              Delay_ms(150);
 209   2          }
 210   1      }
 211          
 212          //渐变闪烁（不同频率闪烁）
 213          void gradient_blink(void) {
 214   1          uchar i;
 215   1          for(i=0; i<6; i++){
 216   2              P0=0x00;P1=0xFF;P2=0x00;P3=0xFF;
 217   2              Delay_ms(100 + i*20);
 218   2              P0=0xFF;P1=0x00;P2=0xFF;P3=0x00;
 219   2              Delay_ms(100 + i*20);
 220   2          }
 221   1      }
 222          
 223          //螺旋效果（内外交替旋转）
 224          void spiral(void) {
 225   1          uchar patterns[] = {0x7E,0xBD,0xDB,0xE7};
 226   1        uchar i;
 227   1          for(i=0; i<4; i++){
 228   2              P0 = patterns[i];
 229   2              P1 = patterns[(i+1)%4];
 230   2              P2 = patterns[(i+2)%4];
 231   2              P3 = patterns[(i+3)%4];
 232   2              Delay_ms(200);
 233   2          }
 234   1          P0=0xFF;P1=0xFF;P2=0xFF;P3=0xFF;
 235   1      }
 236          
C51 COMPILER V9.60.7.0   MAIN                                                              04/11/2025 10:39:07 PAGE 5   

 237          //彩虹渐变效果（简单的颜色变化）
 238          void rainbow_effect(void) {
 239   1          uchar patterns[] = {0xFF, 0x0C, 0xF3, 0x7E, 0x9F, 0x3F};
 240   1          uchar i;
 241   1          for(i=0; i<6; i++){
 242   2              P0 = patterns[i];
 243   2              P1 = patterns[(i+1)%6];
 244   2              P2 = patterns[(i+2)%6];
 245   2              P3 = patterns[(i+3)%6];
 246   2              Delay_ms(150);
 247   2          }
 248   1          P0=0xFF;P1=0xFF;P2=0xFF;P3=0xFF;
 249   1      }
 250          
 251          //闪烁中心点效果（四个端口的中间LED依次闪烁）
 252          void flash_center(void) {
 253   1          uchar i;
 254   1          for(i=0; i<3; i++){
 255   2              P0=0x80; P1=0x00; P2=0x00; P3=0x00;
 256   2              Delay_ms(200);
 257   2              P0=0x00; P1=0x80; P2=0x00; P3=0x00;
 258   2              Delay_ms(200);
 259   2              P0=0x00; P1=0x00; P2=0x80; P3=0x00;
 260   2              Delay_ms(200);
 261   2              P0=0x00; P1=0x00; P2=0x00; P3=0x80;
 262   2              Delay_ms(200);
 263   2          }
 264   1          P0=0xFF;P1=0xFF;P2=0xFF;P3=0xFF;
 265   1      }


MODULE INFORMATION:   STATIC OVERLAYABLE
   CODE SIZE        =   2023    ----
   CONSTANT SIZE    =     10    ----
   XDATA SIZE       =   ----    ----
   PDATA SIZE       =   ----    ----
   DATA SIZE        =      2      10
   IDATA SIZE       =   ----    ----
   BIT SIZE         =   ----    ----
END OF MODULE INFORMATION.


C51 COMPILATION COMPLETE.  0 WARNING(S),  0 ERROR(S)
